// Jest Snapshot v1, https://goo.gl/fbAQLP

exports[`App component should match the snapshot 1`] = `
<View
  testID="app-providers-mock"
>
  <View
    testID="app-layout-mock"
  >
    <View
      testID="top-section-mock"
    />
    <View
      testID="bitcoin-price-texts-section-mock"
    />
    <View
      testID="bitcoin-graph-section-mock"
    />
    <View
      testID="trade-section-mock"
    />
    <View
      testID="previous-transactions-section-mock"
    />
  </View>
</View>
`;
